E:\Learn\Java\spring-etcd-example\src\main\java\com\basaki\config\SpringMvcConfiguration.java
E:\Learn\Java\spring-etcd-example\src\main\java\com\basaki\data\repository\BookRepository.java
E:\Learn\Java\spring-etcd-example\src\main\java\com\basaki\error\ExceptionProcessor.java
E:\Learn\Java\spring-etcd-example\src\main\java\com\basaki\error\ErrorInfo.java
E:\Learn\Java\spring-etcd-example\src\main\java\com\basaki\controller\CustomErrorController.java
E:\Learn\Java\spring-etcd-example\src\main\java\com\basaki\data\entity\Book.java
E:\Learn\Java\spring-etcd-example\src\main\java\com\basaki\config\EtcdProperties.java
E:\Learn\Java\spring-etcd-example\src\main\java\com\basaki\error\exception\DataNotFoundException.java
E:\Learn\Java\spring-etcd-example\src\main\java\com\basaki\controller\BookController.java
E:\Learn\Java\spring-etcd-example\src\main\java\com\basaki\error\exception\DatabaseException.java
E:\Learn\Java\spring-etcd-example\src\main\java\com\basaki\model\BookRequest.java
E:\Learn\Java\spring-etcd-example\src\main\java\com\basaki\data\repository\BookRepositoryImpl.java
E:\Learn\Java\spring-etcd-example\src\main\java\com\basaki\config\DataConfiguration.java
E:\Learn\Java\spring-etcd-example\src\main\java\com\basaki\Application.java
E:\Learn\Java\spring-etcd-example\src\main\java\com\basaki\config\SwaggerConfiguration.java
E:\Learn\Java\spring-etcd-example\src\main\java\com\basaki\service\BookService.java
